in_source: |-
  section .data
  A: 1
  Z: 0

  section .code
  _start
      LOAD A
  _loop
      JMNZ loop
      HLT
  _int
      LOAD IN
      JMZ loop
      SAVE OUT
      IRET
in_stdin: |-
  [(10, 'a'), (28, 'b'), (46, 'c'), (64, 'd'), (82, '\0')]
out_code: |-
  [
  {"start_address": 2 },
  {"interrupt_address": 5 },
  {"index":    0, "opcode": "NOP ", "value": 1         },
  {"index":    1, "opcode": "NOP ", "value": 0         },
  {"index":    2, "opcode": "LOAD", "value":          0, "relative": False},
  {"index":    3, "opcode": "JMNZ", "value":          3},
  {"index":    4, "opcode": "HLT ", "value":          0},
  {"index":    5, "opcode": "LOAD", "value":       2046, "relative": False},
  {"index":    6, "opcode": "JMZ ", "value":          3},
  {"index":    7, "opcode": "SAVE", "value":       2047, "relative": False},
  {"index":    8, "opcode": "IRET", "value":          0}
  ]
out_stdout: |
  source LoC: 15 code instr: 9
  ============================================================
  Output: ['a', 'b', 'c', 'd']
  Instruction number: 32
  Ticks: 96
out_log: |
  INFO    control_unit:__print__     Tick:     0 |Action: Fetch instruction (IP -> AR, IP + 1 -> IP, mem[AR] -> DR, DR -> CR)         |Interrupt: none  |ACC:          0 |AR:     2 |IP:     3 |DR: "index":    2, "opcode": "LOAD", "value":          0, "relative": False       |SP:  2044 |CR: OpCode: LOAD, Value:          0, Relative: False      |PS:  2
  INFO    control_unit:__print__     Tick:     1 |Action: Read operand (CR[addr] -> DR, DR -> AR, mem[AR] -> DR)                      |Interrupt: none  |ACC:          0 |AR:     0 |IP:     3 |DR: "index":    0, "opcode": "NOP ", "value":          1                          |SP:  2044 |CR: OpCode: LOAD, Value:          0, Relative: False      |PS:  2
  INFO    control_unit:__print__     Tick:     2 |Action: Execute instruction (LOAD: DR -> ACC)                                       |Interrupt: none  |ACC:          1 |AR:     0 |IP:     3 |DR: "index":    0, "opcode": "NOP ", "value":          1                          |SP:  2044 |CR: OpCode: LOAD, Value:          0, Relative: False      |PS:  0
  INFO    control_unit:__print__     Tick:     3 |Action: Fetch instruction (IP -> AR, IP + 1 -> IP, mem[AR] -> DR, DR -> CR)         |Interrupt: none  |ACC:          1 |AR:     3 |IP:     4 |DR: "index":    3, "opcode": "JMNZ", "value":          3                          |SP:  2044 |CR: OpCode: JMNZ, Value:          3, Relative: None       |PS:  0
  INFO    control_unit:__print__     Tick:     4 |Action: Read operand (CR[addr] -> DR, DR -> AR, mem[AR] -> DR)                      |Interrupt: none  |ACC:          1 |AR:     3 |IP:     4 |DR: "index":    3, "opcode": "JMNZ", "value":          3                          |SP:  2044 |CR: OpCode: JMNZ, Value:          3, Relative: None       |PS:  0
  INFO    control_unit:__print__     Tick:     5 |Action: Execute instruction (JMNZ: NOT Z: DR -> IP)                                 |Interrupt: none  |ACC:          1 |AR:     3 |IP:     3 |DR: "index":    3, "opcode": "JMNZ", "value":          3                          |SP:  2044 |CR: OpCode: JMNZ, Value:          3, Relative: None       |PS:  0
  INFO    control_unit:__print__     Tick:     6 |Action: Fetch instruction (IP -> AR, IP + 1 -> IP, mem[AR] -> DR, DR -> CR)         |Interrupt: none  |ACC:          1 |AR:     3 |IP:     4 |DR: "index":    3, "opcode": "JMNZ", "value":          3                          |SP:  2044 |CR: OpCode: JMNZ, Value:          3, Relative: None       |PS:  0
  INFO    control_unit:__print__     Tick:     7 |Action: Read operand (CR[addr] -> DR, DR -> AR, mem[AR] -> DR)                      |Interrupt: none  |ACC:          1 |AR:     3 |IP:     4 |DR: "index":    3, "opcode": "JMNZ", "value":          3                          |SP:  2044 |CR: OpCode: JMNZ, Value:          3, Relative: None       |PS:  0
  INFO    control_unit:__print__     Tick:     8 |Action: Execute instruction (JMNZ: NOT Z: DR -> IP)                                 |Interrupt: none  |ACC:          1 |AR:     3 |IP:     3 |DR: "index":    3, "opcode": "JMNZ", "value":          3                          |SP:  2044 |CR: OpCode: JMNZ, Value:          3, Relative: None       |PS:  0
  INFO    control_unit:__print__     Tick:     9 |Action: Fetch instruction (IP -> AR, IP + 1 -> IP, mem[AR] -> DR, DR -> CR)         |Interrupt: none  |ACC:          1 |AR:     3 |IP:     4 |DR: "index":    3, "opcode": "JMNZ", "value":          3                          |SP:  2044 |CR: OpCode: JMNZ, Value:          3, Relative: None       |PS:  0
  INFO    control_unit:__print__     Tick:    10 |Action: Read operand (CR[addr] -> DR, DR -> AR, mem[AR] -> DR)                      |Interrupt: input |ACC:          1 |AR:     3 |IP:     4 |DR: "index":    3, "opcode": "JMNZ", "value":          3                          |SP:  2044 |CR: OpCode: JMNZ, Value:          3, Relative: None       |PS:  0
  INFO    control_unit:__print__     Tick:    11 |Action: Execute instruction (JMNZ: NOT Z: DR -> IP)                                 |Interrupt: input |ACC:          1 |AR:     3 |IP:     3 |DR: "index":    3, "opcode": "JMNZ", "value":          3                          |SP:  2044 |CR: OpCode: JMNZ, Value:          3, Relative: None       |PS:  0
  INFO    control_unit:__print__     Tick:    12 |Action: Input: "index": 2046, "opcode": "NOP ", "value": a                          |Interrupt: input |ACC:          1 |AR:     3 |IP:     3 |DR: "index":    3, "opcode": "JMNZ", "value":          3                          |SP:  2044 |CR: OpCode: JMNZ, Value:          3, Relative: None       |PS:  0
  INFO    control_unit:__print__     Tick:    12 |Action: Input interruption (IP -> mem[SP], mem[INTERRUPT_START] -> IP)              |Interrupt: input |ACC:          1 |AR:     3 |IP:     5 |DR: "index":    3, "opcode": "JMNZ", "value":          3                          |SP:  2044 |CR: OpCode: JMNZ, Value:          3, Relative: None       |PS:  0
  INFO    control_unit:__print__     Tick:    13 |Action: Fetch instruction (IP -> AR, IP + 1 -> IP, mem[AR] -> DR, DR -> CR)         |Interrupt: input |ACC:          1 |AR:     5 |IP:     6 |DR: "index":    5, "opcode": "LOAD", "value":       2046, "relative": False       |SP:  2044 |CR: OpCode: LOAD, Value:       2046, Relative: False      |PS:  0
  INFO    control_unit:__print__     Tick:    14 |Action: Read operand (CR[addr] -> DR, DR -> AR, mem[AR] -> DR)                      |Interrupt: input |ACC:          1 |AR:  2046 |IP:     6 |DR: "index": 2046, "opcode": "NOP ", "value": a                                   |SP:  2044 |CR: OpCode: LOAD, Value:       2046, Relative: False      |PS:  0
  INFO    control_unit:__print__     Tick:    15 |Action: Execute instruction (LOAD: DR -> ACC)                                       |Interrupt: input |ACC: a          |AR:  2046 |IP:     6 |DR: "index": 2046, "opcode": "NOP ", "value": a                                   |SP:  2044 |CR: OpCode: LOAD, Value:       2046, Relative: False      |PS:  0
  INFO    control_unit:__print__     Tick:    16 |Action: Fetch instruction (IP -> AR, IP + 1 -> IP, mem[AR] -> DR, DR -> CR)         |Interrupt: input |ACC: a          |AR:     6 |IP:     7 |DR: "index":    6, "opcode": "JMZ ", "value":          3                          |SP:  2044 |CR: OpCode: JMZ , Value:          3, Relative: None       |PS:  0
  INFO    control_unit:__print__     Tick:    17 |Action: Read operand (CR[addr] -> DR, DR -> AR, mem[AR] -> DR)                      |Interrupt: input |ACC: a          |AR:     3 |IP:     7 |DR: "index":    3, "opcode": "JMNZ", "value":          3                          |SP:  2044 |CR: OpCode: JMZ , Value:          3, Relative: None       |PS:  0
  INFO    control_unit:__print__     Tick:    18 |Action: Execute instruction (JMZ: Z: DR -> IP)                                      |Interrupt: input |ACC: a          |AR:     3 |IP:     7 |DR: "index":    3, "opcode": "JMNZ", "value":          3                          |SP:  2044 |CR: OpCode: JMZ , Value:          3, Relative: None       |PS:  0
  INFO    control_unit:__print__     Tick:    19 |Action: Fetch instruction (IP -> AR, IP + 1 -> IP, mem[AR] -> DR, DR -> CR)         |Interrupt: input |ACC: a          |AR:     7 |IP:     8 |DR: "index":    7, "opcode": "SAVE", "value":       2047, "relative": False       |SP:  2044 |CR: OpCode: SAVE, Value:       2047, Relative: False      |PS:  0
  INFO    control_unit:__print__     Tick:    20 |Action: Read operand (CR[addr] -> DR, DR -> AR, mem[AR] -> DR)                      |Interrupt: input |ACC: a          |AR:  2047 |IP:     8 |DR: "index": 2047, "opcode": "NOP ", "value":          0                          |SP:  2044 |CR: OpCode: SAVE, Value:       2047, Relative: False      |PS:  0
  INFO    control_unit:__print__     Tick:    21 |Action: Output: a                                                                   |Interrupt: input |ACC: a          |AR:  2047 |IP:     8 |DR: "index": 2047, "opcode": "NOP ", "value":          0                          |SP:  2044 |CR: OpCode: SAVE, Value:       2047, Relative: False      |PS:  0
  INFO    control_unit:__print__     Tick:    21 |Action: Execute instruction (SAVE: ACC -> mem[AR])                                  |Interrupt: input |ACC: a          |AR:  2047 |IP:     8 |DR: "index": 2047, "opcode": "NOP ", "value":          0                          |SP:  2044 |CR: OpCode: SAVE, Value:       2047, Relative: False      |PS:  0
  INFO    control_unit:__print__     Tick:    22 |Action: Fetch instruction (IP -> AR, IP + 1 -> IP, mem[AR] -> DR, DR -> CR)         |Interrupt: input |ACC: a          |AR:     8 |IP:     9 |DR: "index":    8, "opcode": "IRET", "value":          0                          |SP:  2044 |CR: OpCode: IRET, Value:          0, Relative: None       |PS:  0
  INFO    control_unit:__print__     Tick:    23 |Action: Execute instruction (IRET: mem[INTERRUPT_START] -> IP)                      |Interrupt: none  |ACC: a          |AR:     8 |IP:     3 |DR: "index":    8, "opcode": "IRET", "value":          0                          |SP:  2044 |CR: OpCode: IRET, Value:          0, Relative: None       |PS:  0
  INFO    control_unit:__print__     Tick:    24 |Action: Fetch instruction (IP -> AR, IP + 1 -> IP, mem[AR] -> DR, DR -> CR)         |Interrupt: none  |ACC: a          |AR:     3 |IP:     4 |DR: "index":    3, "opcode": "JMNZ", "value":          3                          |SP:  2044 |CR: OpCode: JMNZ, Value:          3, Relative: None       |PS:  0
  INFO    control_unit:__print__     Tick:    25 |Action: Read operand (CR[addr] -> DR, DR -> AR, mem[AR] -> DR)                      |Interrupt: none  |ACC: a          |AR:     3 |IP:     4 |DR: "index":    3, "opcode": "JMNZ", "value":          3                          |SP:  2044 |CR: OpCode: JMNZ, Value:          3, Relative: None       |PS:  0
  INFO    control_unit:__print__     Tick:    26 |Action: Execute instruction (JMNZ: NOT Z: DR -> IP)                                 |Interrupt: none  |ACC: a          |AR:     3 |IP:     3 |DR: "index":    3, "opcode": "JMNZ", "value":          3                          |SP:  2044 |CR: OpCode: JMNZ, Value:          3, Relative: None       |PS:  0
  INFO    control_unit:__print__     Tick:    27 |Action: Fetch instruction (IP -> AR, IP + 1 -> IP, mem[AR] -> DR, DR -> CR)         |Interrupt: none  |ACC: a          |AR:     3 |IP:     4 |DR: "index":    3, "opcode": "JMNZ", "value":          3                          |SP:  2044 |CR: OpCode: JMNZ, Value:          3, Relative: None       |PS:  0
  INFO    control_unit:__print__     Tick:    28 |Action: Read operand (CR[addr] -> DR, DR -> AR, mem[AR] -> DR)                      |Interrupt: input |ACC: a          |AR:     3 |IP:     4 |DR: "index":    3, "opcode": "JMNZ", "value":          3                          |SP:  2044 |CR: OpCode: JMNZ, Value:          3, Relative: None       |PS:  0
  INFO    control_unit:__print__     Tick:    29 |Action: Execute instruction (JMNZ: NOT Z: DR -> IP)                                 |Interrupt: input |ACC: a          |AR:     3 |IP:     3 |DR: "index":    3, "opcode": "JMNZ", "value":          3                          |SP:  2044 |CR: OpCode: JMNZ, Value:          3, Relative: None       |PS:  0
  INFO    control_unit:__print__     Tick:    30 |Action: Input: "index": 2046, "opcode": "NOP ", "value": b                          |Interrupt: input |ACC: a          |AR:     3 |IP:     3 |DR: "index":    3, "opcode": "JMNZ", "value":          3                          |SP:  2044 |CR: OpCode: JMNZ, Value:          3, Relative: None       |PS:  0
  INFO    control_unit:__print__     Tick:    30 |Action: Input interruption (IP -> mem[SP], mem[INTERRUPT_START] -> IP)              |Interrupt: input |ACC: a          |AR:     3 |IP:     5 |DR: "index":    3, "opcode": "JMNZ", "value":          3                          |SP:  2044 |CR: OpCode: JMNZ, Value:          3, Relative: None       |PS:  0
  INFO    control_unit:__print__     Tick:    31 |Action: Fetch instruction (IP -> AR, IP + 1 -> IP, mem[AR] -> DR, DR -> CR)         |Interrupt: input |ACC: a          |AR:     5 |IP:     6 |DR: "index":    5, "opcode": "LOAD", "value":       2046, "relative": False       |SP:  2044 |CR: OpCode: LOAD, Value:       2046, Relative: False      |PS:  0
  INFO    control_unit:__print__     Tick:    32 |Action: Read operand (CR[addr] -> DR, DR -> AR, mem[AR] -> DR)                      |Interrupt: input |ACC: a          |AR:  2046 |IP:     6 |DR: "index": 2046, "opcode": "NOP ", "value": b                                   |SP:  2044 |CR: OpCode: LOAD, Value:       2046, Relative: False      |PS:  0
  INFO    control_unit:__print__     Tick:    33 |Action: Execute instruction (LOAD: DR -> ACC)                                       |Interrupt: input |ACC: b          |AR:  2046 |IP:     6 |DR: "index": 2046, "opcode": "NOP ", "value": b                                   |SP:  2044 |CR: OpCode: LOAD, Value:       2046, Relative: False      |PS:  0
  INFO    control_unit:__print__     Tick:    34 |Action: Fetch instruction (IP -> AR, IP + 1 -> IP, mem[AR] -> DR, DR -> CR)         |Interrupt: input |ACC: b          |AR:     6 |IP:     7 |DR: "index":    6, "opcode": "JMZ ", "value":          3                          |SP:  2044 |CR: OpCode: JMZ , Value:          3, Relative: None       |PS:  0
  INFO    control_unit:__print__     Tick:    35 |Action: Read operand (CR[addr] -> DR, DR -> AR, mem[AR] -> DR)                      |Interrupt: input |ACC: b          |AR:     3 |IP:     7 |DR: "index":    3, "opcode": "JMNZ", "value":          3                          |SP:  2044 |CR: OpCode: JMZ , Value:          3, Relative: None       |PS:  0
  INFO    control_unit:__print__     Tick:    36 |Action: Execute instruction (JMZ: Z: DR -> IP)                                      |Interrupt: input |ACC: b          |AR:     3 |IP:     7 |DR: "index":    3, "opcode": "JMNZ", "value":          3                          |SP:  2044 |CR: OpCode: JMZ , Value:          3, Relative: None       |PS:  0
  INFO    control_unit:__print__     Tick:    37 |Action: Fetch instruction (IP -> AR, IP + 1 -> IP, mem[AR] -> DR, DR -> CR)         |Interrupt: input |ACC: b          |AR:     7 |IP:     8 |DR: "index":    7, "opcode": "SAVE", "value":       2047, "relative": False       |SP:  2044 |CR: OpCode: SAVE, Value:       2047, Relative: False      |PS:  0
  INFO    control_unit:__print__     Tick:    38 |Action: Read operand (CR[addr] -> DR, DR -> AR, mem[AR] -> DR)                      |Interrupt: input |ACC: b          |AR:  2047 |IP:     8 |DR: "index": 2047, "opcode": "NOP ", "value": a                                   |SP:  2044 |CR: OpCode: SAVE, Value:       2047, Relative: False      |PS:  0
  INFO    control_unit:__print__     Tick:    39 |Action: Output: b                                                                   |Interrupt: input |ACC: b          |AR:  2047 |IP:     8 |DR: "index": 2047, "opcode": "NOP ", "value": a                                   |SP:  2044 |CR: OpCode: SAVE, Value:       2047, Relative: False      |PS:  0
  INFO    control_unit:__print__     Tick:    39 |Action: Execute instruction (SAVE: ACC -> mem[AR])                                  |Interrupt: input |ACC: b          |AR:  2047 |IP:     8 |DR: "index": 2047, "opcode": "NOP ", "value": a                                   |SP:  2044 |CR: OpCode: SAVE, Value:       2047, Relative: False      |PS:  0
  INFO    control_unit:__print__     Tick:    40 |Action: Fetch instruction (IP -> AR, IP + 1 -> IP, mem[AR] -> DR, DR -> CR)         |Interrupt: input |ACC: b          |AR:     8 |IP:     9 |DR: "index":    8, "opcode": "IRET", "value":          0                          |SP:  2044 |CR: OpCode: IRET, Value:          0, Relative: None       |PS:  0
  INFO    control_unit:__print__     Tick:    41 |Action: Execute instruction (IRET: mem[INTERRUPT_START] -> IP)                      |Interrupt: none  |ACC: b          |AR:     8 |IP:     3 |DR: "index":    8, "opcode": "IRET", "value":          0                          |SP:  2044 |CR: OpCode: IRET, Value:          0, Relative: None       |PS:  0
  INFO    control_unit:__print__     Tick:    42 |Action: Fetch instruction (IP -> AR, IP + 1 -> IP, mem[AR] -> DR, DR -> CR)         |Interrupt: none  |ACC: b          |AR:     3 |IP:     4 |DR: "index":    3, "opcode": "JMNZ", "value":          3                          |SP:  2044 |CR: OpCode: JMNZ, Value:          3, Relative: None       |PS:  0
  INFO    control_unit:__print__     Tick:    43 |Action: Read operand (CR[addr] -> DR, DR -> AR, mem[AR] -> DR)                      |Interrupt: none  |ACC: b          |AR:     3 |IP:     4 |DR: "index":    3, "opcode": "JMNZ", "value":          3                          |SP:  2044 |CR: OpCode: JMNZ, Value:          3, Relative: None       |PS:  0
  INFO    control_unit:__print__     Tick:    44 |Action: Execute instruction (JMNZ: NOT Z: DR -> IP)                                 |Interrupt: none  |ACC: b          |AR:     3 |IP:     3 |DR: "index":    3, "opcode": "JMNZ", "value":          3                          |SP:  2044 |CR: OpCode: JMNZ, Value:          3, Relative: None       |PS:  0
  INFO    control_unit:__print__     Tick:    45 |Action: Fetch instruction (IP -> AR, IP + 1 -> IP, mem[AR] -> DR, DR -> CR)         |Interrupt: none  |ACC: b          |AR:     3 |IP:     4 |DR: "index":    3, "opcode": "JMNZ", "value":          3                          |SP:  2044 |CR: OpCode: JMNZ, Value:          3, Relative: None       |PS:  0
  INFO    control_unit:__print__     Tick:    46 |Action: Read operand (CR[addr] -> DR, DR -> AR, mem[AR] -> DR)                      |Interrupt: input |ACC: b          |AR:     3 |IP:     4 |DR: "index":    3, "opcode": "JMNZ", "value":          3                          |SP:  2044 |CR: OpCode: JMNZ, Value:          3, Relative: None       |PS:  0
  INFO    control_unit:__print__     Tick:    47 |Action: Execute instruction (JMNZ: NOT Z: DR -> IP)                                 |Interrupt: input |ACC: b          |AR:     3 |IP:     3 |DR: "index":    3, "opcode": "JMNZ", "value":          3                          |SP:  2044 |CR: OpCode: JMNZ, Value:          3, Relative: None       |PS:  0
  INFO    control_unit:__print__     Tick:    48 |Action: Input: "index": 2046, "opcode": "NOP ", "value": c                          |Interrupt: input |ACC: b          |AR:     3 |IP:     3 |DR: "index":    3, "opcode": "JMNZ", "value":          3                          |SP:  2044 |CR: OpCode: JMNZ, Value:          3, Relative: None       |PS:  0
  INFO    control_unit:__print__     Tick:    48 |Action: Input interruption (IP -> mem[SP], mem[INTERRUPT_START] -> IP)              |Interrupt: input |ACC: b          |AR:     3 |IP:     5 |DR: "index":    3, "opcode": "JMNZ", "value":          3                          |SP:  2044 |CR: OpCode: JMNZ, Value:          3, Relative: None       |PS:  0
  INFO    control_unit:__print__     Tick:    49 |Action: Fetch instruction (IP -> AR, IP + 1 -> IP, mem[AR] -> DR, DR -> CR)         |Interrupt: input |ACC: b          |AR:     5 |IP:     6 |DR: "index":    5, "opcode": "LOAD", "value":       2046, "relative": False       |SP:  2044 |CR: OpCode: LOAD, Value:       2046, Relative: False      |PS:  0
  INFO    control_unit:__print__     Tick:    50 |Action: Read operand (CR[addr] -> DR, DR -> AR, mem[AR] -> DR)                      |Interrupt: input |ACC: b          |AR:  2046 |IP:     6 |DR: "index": 2046, "opcode": "NOP ", "value": c                                   |SP:  2044 |CR: OpCode: LOAD, Value:       2046, Relative: False      |PS:  0
  INFO    control_unit:__print__     Tick:    51 |Action: Execute instruction (LOAD: DR -> ACC)                                       |Interrupt: input |ACC: c          |AR:  2046 |IP:     6 |DR: "index": 2046, "opcode": "NOP ", "value": c                                   |SP:  2044 |CR: OpCode: LOAD, Value:       2046, Relative: False      |PS:  0
  INFO    control_unit:__print__     Tick:    52 |Action: Fetch instruction (IP -> AR, IP + 1 -> IP, mem[AR] -> DR, DR -> CR)         |Interrupt: input |ACC: c          |AR:     6 |IP:     7 |DR: "index":    6, "opcode": "JMZ ", "value":          3                          |SP:  2044 |CR: OpCode: JMZ , Value:          3, Relative: None       |PS:  0
  INFO    control_unit:__print__     Tick:    53 |Action: Read operand (CR[addr] -> DR, DR -> AR, mem[AR] -> DR)                      |Interrupt: input |ACC: c          |AR:     3 |IP:     7 |DR: "index":    3, "opcode": "JMNZ", "value":          3                          |SP:  2044 |CR: OpCode: JMZ , Value:          3, Relative: None       |PS:  0
  INFO    control_unit:__print__     Tick:    54 |Action: Execute instruction (JMZ: Z: DR -> IP)                                      |Interrupt: input |ACC: c          |AR:     3 |IP:     7 |DR: "index":    3, "opcode": "JMNZ", "value":          3                          |SP:  2044 |CR: OpCode: JMZ , Value:          3, Relative: None       |PS:  0
  INFO    control_unit:__print__     Tick:    55 |Action: Fetch instruction (IP -> AR, IP + 1 -> IP, mem[AR] -> DR, DR -> CR)         |Interrupt: input |ACC: c          |AR:     7 |IP:     8 |DR: "index":    7, "opcode": "SAVE", "value":       2047, "relative": False       |SP:  2044 |CR: OpCode: SAVE, Value:       2047, Relative: False      |PS:  0
  INFO    control_unit:__print__     Tick:    56 |Action: Read operand (CR[addr] -> DR, DR -> AR, mem[AR] -> DR)                      |Interrupt: input |ACC: c          |AR:  2047 |IP:     8 |DR: "index": 2047, "opcode": "NOP ", "value": b                                   |SP:  2044 |CR: OpCode: SAVE, Value:       2047, Relative: False      |PS:  0
  INFO    control_unit:__print__     Tick:    57 |Action: Output: c                                                                   |Interrupt: input |ACC: c          |AR:  2047 |IP:     8 |DR: "index": 2047, "opcode": "NOP ", "value": b                                   |SP:  2044 |CR: OpCode: SAVE, Value:       2047, Relative: False      |PS:  0
  INFO    control_unit:__print__     Tick:    57 |Action: Execute instruction (SAVE: ACC -> mem[AR])                                  |Interrupt: input |ACC: c          |AR:  2047 |IP:     8 |DR: "index": 2047, "opcode": "NOP ", "value": b                                   |SP:  2044 |CR: OpCode: SAVE, Value:       2047, Relative: False      |PS:  0
  INFO    control_unit:__print__     Tick:    58 |Action: Fetch instruction (IP -> AR, IP + 1 -> IP, mem[AR] -> DR, DR -> CR)         |Interrupt: input |ACC: c          |AR:     8 |IP:     9 |DR: "index":    8, "opcode": "IRET", "value":          0                          |SP:  2044 |CR: OpCode: IRET, Value:          0, Relative: None       |PS:  0
  INFO    control_unit:__print__     Tick:    59 |Action: Execute instruction (IRET: mem[INTERRUPT_START] -> IP)                      |Interrupt: none  |ACC: c          |AR:     8 |IP:     3 |DR: "index":    8, "opcode": "IRET", "value":          0                          |SP:  2044 |CR: OpCode: IRET, Value:          0, Relative: None       |PS:  0
  INFO    control_unit:__print__     Tick:    60 |Action: Fetch instruction (IP -> AR, IP + 1 -> IP, mem[AR] -> DR, DR -> CR)         |Interrupt: none  |ACC: c          |AR:     3 |IP:     4 |DR: "index":    3, "opcode": "JMNZ", "value":          3                          |SP:  2044 |CR: OpCode: JMNZ, Value:          3, Relative: None       |PS:  0
  INFO    control_unit:__print__     Tick:    61 |Action: Read operand (CR[addr] -> DR, DR -> AR, mem[AR] -> DR)                      |Interrupt: none  |ACC: c          |AR:     3 |IP:     4 |DR: "index":    3, "opcode": "JMNZ", "value":          3                          |SP:  2044 |CR: OpCode: JMNZ, Value:          3, Relative: None       |PS:  0
  INFO    control_unit:__print__     Tick:    62 |Action: Execute instruction (JMNZ: NOT Z: DR -> IP)                                 |Interrupt: none  |ACC: c          |AR:     3 |IP:     3 |DR: "index":    3, "opcode": "JMNZ", "value":          3                          |SP:  2044 |CR: OpCode: JMNZ, Value:          3, Relative: None       |PS:  0
  INFO    control_unit:__print__     Tick:    63 |Action: Fetch instruction (IP -> AR, IP + 1 -> IP, mem[AR] -> DR, DR -> CR)         |Interrupt: none  |ACC: c          |AR:     3 |IP:     4 |DR: "index":    3, "opcode": "JMNZ", "value":          3                          |SP:  2044 |CR: OpCode: JMNZ, Value:          3, Relative: None       |PS:  0
  INFO    control_unit:__print__     Tick:    64 |Action: Read operand (CR[addr] -> DR, DR -> AR, mem[AR] -> DR)                      |Interrupt: input |ACC: c          |AR:     3 |IP:     4 |DR: "index":    3, "opcode": "JMNZ", "value":          3                          |SP:  2044 |CR: OpCode: JMNZ, Value:          3, Relative: None       |PS:  0
  INFO    control_unit:__print__     Tick:    65 |Action: Execute instruction (JMNZ: NOT Z: DR -> IP)                                 |Interrupt: input |ACC: c          |AR:     3 |IP:     3 |DR: "index":    3, "opcode": "JMNZ", "value":          3                          |SP:  2044 |CR: OpCode: JMNZ, Value:          3, Relative: None       |PS:  0
  INFO    control_unit:__print__     Tick:    66 |Action: Input: "index": 2046, "opcode": "NOP ", "value": d                          |Interrupt: input |ACC: c          |AR:     3 |IP:     3 |DR: "index":    3, "opcode": "JMNZ", "value":          3                          |SP:  2044 |CR: OpCode: JMNZ, Value:          3, Relative: None       |PS:  0
  INFO    control_unit:__print__     Tick:    66 |Action: Input interruption (IP -> mem[SP], mem[INTERRUPT_START] -> IP)              |Interrupt: input |ACC: c          |AR:     3 |IP:     5 |DR: "index":    3, "opcode": "JMNZ", "value":          3                          |SP:  2044 |CR: OpCode: JMNZ, Value:          3, Relative: None       |PS:  0
  INFO    control_unit:__print__     Tick:    67 |Action: Fetch instruction (IP -> AR, IP + 1 -> IP, mem[AR] -> DR, DR -> CR)         |Interrupt: input |ACC: c          |AR:     5 |IP:     6 |DR: "index":    5, "opcode": "LOAD", "value":       2046, "relative": False       |SP:  2044 |CR: OpCode: LOAD, Value:       2046, Relative: False      |PS:  0
  INFO    control_unit:__print__     Tick:    68 |Action: Read operand (CR[addr] -> DR, DR -> AR, mem[AR] -> DR)                      |Interrupt: input |ACC: c          |AR:  2046 |IP:     6 |DR: "index": 2046, "opcode": "NOP ", "value": d                                   |SP:  2044 |CR: OpCode: LOAD, Value:       2046, Relative: False      |PS:  0
  INFO    control_unit:__print__     Tick:    69 |Action: Execute instruction (LOAD: DR -> ACC)                                       |Interrupt: input |ACC: d          |AR:  2046 |IP:     6 |DR: "index": 2046, "opcode": "NOP ", "value": d                                   |SP:  2044 |CR: OpCode: LOAD, Value:       2046, Relative: False      |PS:  0
  INFO    control_unit:__print__     Tick:    70 |Action: Fetch instruction (IP -> AR, IP + 1 -> IP, mem[AR] -> DR, DR -> CR)         |Interrupt: input |ACC: d          |AR:     6 |IP:     7 |DR: "index":    6, "opcode": "JMZ ", "value":          3                          |SP:  2044 |CR: OpCode: JMZ , Value:          3, Relative: None       |PS:  0
  INFO    control_unit:__print__     Tick:    71 |Action: Read operand (CR[addr] -> DR, DR -> AR, mem[AR] -> DR)                      |Interrupt: input |ACC: d          |AR:     3 |IP:     7 |DR: "index":    3, "opcode": "JMNZ", "value":          3                          |SP:  2044 |CR: OpCode: JMZ , Value:          3, Relative: None       |PS:  0
  INFO    control_unit:__print__     Tick:    72 |Action: Execute instruction (JMZ: Z: DR -> IP)                                      |Interrupt: input |ACC: d          |AR:     3 |IP:     7 |DR: "index":    3, "opcode": "JMNZ", "value":          3                          |SP:  2044 |CR: OpCode: JMZ , Value:          3, Relative: None       |PS:  0
  INFO    control_unit:__print__     Tick:    73 |Action: Fetch instruction (IP -> AR, IP + 1 -> IP, mem[AR] -> DR, DR -> CR)         |Interrupt: input |ACC: d          |AR:     7 |IP:     8 |DR: "index":    7, "opcode": "SAVE", "value":       2047, "relative": False       |SP:  2044 |CR: OpCode: SAVE, Value:       2047, Relative: False      |PS:  0
  INFO    control_unit:__print__     Tick:    74 |Action: Read operand (CR[addr] -> DR, DR -> AR, mem[AR] -> DR)                      |Interrupt: input |ACC: d          |AR:  2047 |IP:     8 |DR: "index": 2047, "opcode": "NOP ", "value": c                                   |SP:  2044 |CR: OpCode: SAVE, Value:       2047, Relative: False      |PS:  0
  INFO    control_unit:__print__     Tick:    75 |Action: Output: d                                                                   |Interrupt: input |ACC: d          |AR:  2047 |IP:     8 |DR: "index": 2047, "opcode": "NOP ", "value": c                                   |SP:  2044 |CR: OpCode: SAVE, Value:       2047, Relative: False      |PS:  0
  INFO    control_unit:__print__     Tick:    75 |Action: Execute instruction (SAVE: ACC -> mem[AR])                                  |Interrupt: input |ACC: d          |AR:  2047 |IP:     8 |DR: "index": 2047, "opcode": "NOP ", "value": c                                   |SP:  2044 |CR: OpCode: SAVE, Value:       2047, Relative: False      |PS:  0
  INFO    control_unit:__print__     Tick:    76 |Action: Fetch instruction (IP -> AR, IP + 1 -> IP, mem[AR] -> DR, DR -> CR)         |Interrupt: input |ACC: d          |AR:     8 |IP:     9 |DR: "index":    8, "opcode": "IRET", "value":          0                          |SP:  2044 |CR: OpCode: IRET, Value:          0, Relative: None       |PS:  0
  INFO    control_unit:__print__     Tick:    77 |Action: Execute instruction (IRET: mem[INTERRUPT_START] -> IP)                      |Interrupt: none  |ACC: d          |AR:     8 |IP:     3 |DR: "index":    8, "opcode": "IRET", "value":          0                          |SP:  2044 |CR: OpCode: IRET, Value:          0, Relative: None       |PS:  0
  INFO    control_unit:__print__     Tick:    78 |Action: Fetch instruction (IP -> AR, IP + 1 -> IP, mem[AR] -> DR, DR -> CR)         |Interrupt: none  |ACC: d          |AR:     3 |IP:     4 |DR: "index":    3, "opcode": "JMNZ", "value":          3                          |SP:  2044 |CR: OpCode: JMNZ, Value:          3, Relative: None       |PS:  0
  INFO    control_unit:__print__     Tick:    79 |Action: Read operand (CR[addr] -> DR, DR -> AR, mem[AR] -> DR)                      |Interrupt: none  |ACC: d          |AR:     3 |IP:     4 |DR: "index":    3, "opcode": "JMNZ", "value":          3                          |SP:  2044 |CR: OpCode: JMNZ, Value:          3, Relative: None       |PS:  0
  INFO    control_unit:__print__     Tick:    80 |Action: Execute instruction (JMNZ: NOT Z: DR -> IP)                                 |Interrupt: none  |ACC: d          |AR:     3 |IP:     3 |DR: "index":    3, "opcode": "JMNZ", "value":          3                          |SP:  2044 |CR: OpCode: JMNZ, Value:          3, Relative: None       |PS:  0
  INFO    control_unit:__print__     Tick:    81 |Action: Fetch instruction (IP -> AR, IP + 1 -> IP, mem[AR] -> DR, DR -> CR)         |Interrupt: none  |ACC: d          |AR:     3 |IP:     4 |DR: "index":    3, "opcode": "JMNZ", "value":          3                          |SP:  2044 |CR: OpCode: JMNZ, Value:          3, Relative: None       |PS:  0
  INFO    control_unit:__print__     Tick:    82 |Action: Read operand (CR[addr] -> DR, DR -> AR, mem[AR] -> DR)                      |Interrupt: input |ACC: d          |AR:     3 |IP:     4 |DR: "index":    3, "opcode": "JMNZ", "value":          3                          |SP:  2044 |CR: OpCode: JMNZ, Value:          3, Relative: None       |PS:  0
  INFO    control_unit:__print__     Tick:    83 |Action: Execute instruction (JMNZ: NOT Z: DR -> IP)                                 |Interrupt: input |ACC: d          |AR:     3 |IP:     3 |DR: "index":    3, "opcode": "JMNZ", "value":          3                          |SP:  2044 |CR: OpCode: JMNZ, Value:          3, Relative: None       |PS:  0
  INFO    control_unit:__print__     Tick:    84 |Action: Input: "index": 2046, "opcode": "NOP ", "value":                            |Interrupt: input |ACC: d          |AR:     3 |IP:     3 |DR: "index":    3, "opcode": "JMNZ", "value":          3                          |SP:  2044 |CR: OpCode: JMNZ, Value:          3, Relative: None       |PS:  0
  INFO    control_unit:__print__     Tick:    84 |Action: Input interruption (IP -> mem[SP], mem[INTERRUPT_START] -> IP)              |Interrupt: input |ACC: d          |AR:     3 |IP:     5 |DR: "index":    3, "opcode": "JMNZ", "value":          3                          |SP:  2044 |CR: OpCode: JMNZ, Value:          3, Relative: None       |PS:  0
  INFO    control_unit:__print__     Tick:    85 |Action: Fetch instruction (IP -> AR, IP + 1 -> IP, mem[AR] -> DR, DR -> CR)         |Interrupt: input |ACC: d          |AR:     5 |IP:     6 |DR: "index":    5, "opcode": "LOAD", "value":       2046, "relative": False       |SP:  2044 |CR: OpCode: LOAD, Value:       2046, Relative: False      |PS:  0
  INFO    control_unit:__print__     Tick:    86 |Action: Read operand (CR[addr] -> DR, DR -> AR, mem[AR] -> DR)                      |Interrupt: input |ACC: d          |AR:  2046 |IP:     6 |DR: "index": 2046, "opcode": "NOP ", "value":                                     |SP:  2044 |CR: OpCode: LOAD, Value:       2046, Relative: False      |PS:  0
  INFO    control_unit:__print__     Tick:    87 |Action: Execute instruction (LOAD: DR -> ACC)                                       |Interrupt: input |ACC:            |AR:  2046 |IP:     6 |DR: "index": 2046, "opcode": "NOP ", "value":                                     |SP:  2044 |CR: OpCode: LOAD, Value:       2046, Relative: False      |PS:  2
  INFO    control_unit:__print__     Tick:    88 |Action: Fetch instruction (IP -> AR, IP + 1 -> IP, mem[AR] -> DR, DR -> CR)         |Interrupt: input |ACC:            |AR:     6 |IP:     7 |DR: "index":    6, "opcode": "JMZ ", "value":          3                          |SP:  2044 |CR: OpCode: JMZ , Value:          3, Relative: None       |PS:  2
  INFO    control_unit:__print__     Tick:    89 |Action: Read operand (CR[addr] -> DR, DR -> AR, mem[AR] -> DR)                      |Interrupt: input |ACC:            |AR:     3 |IP:     7 |DR: "index":    3, "opcode": "JMNZ", "value":          3                          |SP:  2044 |CR: OpCode: JMZ , Value:          3, Relative: None       |PS:  2
  INFO    control_unit:__print__     Tick:    90 |Action: Execute instruction (JMZ: Z: DR -> IP)                                      |Interrupt: input |ACC:            |AR:     3 |IP:     3 |DR: "index":    3, "opcode": "JMNZ", "value":          3                          |SP:  2044 |CR: OpCode: JMZ , Value:          3, Relative: None       |PS:  2
  INFO    control_unit:__print__     Tick:    91 |Action: Fetch instruction (IP -> AR, IP + 1 -> IP, mem[AR] -> DR, DR -> CR)         |Interrupt: input |ACC:            |AR:     3 |IP:     4 |DR: "index":    3, "opcode": "JMNZ", "value":          3                          |SP:  2044 |CR: OpCode: JMNZ, Value:          3, Relative: None       |PS:  2
  INFO    control_unit:__print__     Tick:    92 |Action: Read operand (CR[addr] -> DR, DR -> AR, mem[AR] -> DR)                      |Interrupt: input |ACC:            |AR:     3 |IP:     4 |DR: "index":    3, "opcode": "JMNZ", "value":          3                          |SP:  2044 |CR: OpCode: JMNZ, Value:          3, Relative: None       |PS:  2
  INFO    control_unit:__print__     Tick:    93 |Action: Execute instruction (JMNZ: NOT Z: DR -> IP)                                 |Interrupt: input |ACC:            |AR:     3 |IP:     4 |DR: "index":    3, "opcode": "JMNZ", "value":          3                          |SP:  2044 |CR: OpCode: JMNZ, Value:          3, Relative: None       |PS:  2
  INFO    control_unit:__print__     Tick:    94 |Action: Fetch instruction (IP -> AR, IP + 1 -> IP, mem[AR] -> DR, DR -> CR)         |Interrupt: input |ACC:            |AR:     4 |IP:     5 |DR: "index":    4, "opcode": "HLT ", "value":          0                          |SP:  2044 |CR: OpCode: HLT , Value:          0, Relative: None       |PS:  2
  INFO    control_unit:__print__     Tick:    95 |Action: Execute instruction (HLT)                                                   |Interrupt: halt  |ACC:            |AR:     4 |IP:     5 |DR: "index":    4, "opcode": "HLT ", "value":          0                          |SP:  2044 |CR: OpCode: HLT , Value:          0, Relative: None       |PS:  2
  INFO    control_unit:__print__     Tick:    96 |Action: Halt                                                                        |Interrupt: halt  |ACC:            |AR:     4 |IP:     5 |DR: "index":    4, "opcode": "HLT ", "value":          0                          |SP:  2044 |CR: OpCode: HLT , Value:          0, Relative: None       |PS:  2
